// Jest Snapshot v1, https://goo.gl/fbAQLP

exports[`<ColoredLink /> should render and match the snapshot 1`] = `
<a
  className="ColoredLink-sc-12380nw-0 dsgiUa"
/>
`;
