// Jest Snapshot v1, https://goo.gl/fbAQLP

exports[`<ToolbarButton /> should render and match the snapshot 1`] = `
<button
  className="ToolbarButton-kwvee9-0 efFFQe"
/>
`;
