// Jest Snapshot v1, https://goo.gl/fbAQLP

exports[`<KeywordInput /> should render and match the snapshot 1`] = `
<div
  aria-describedby={null}
  aria-label="keyword"
  className="MuiFormControl-root MuiTextField-root sc-bdvvtL gENRTb MuiFormControl-marginDense MuiFormControl-fullWidth"
  onMouseLeave={[Function]}
  onMouseOver={[Function]}
  onTouchEnd={[Function]}
  onTouchStart={[Function]}
  title={null}
>
  <label
    className="MuiFormLabel-root MuiInputLabel-root MuiInputLabel-formControl MuiInputLabel-animated MuiInputLabel-marginDense"
    data-shrink={false}
    htmlFor="keyword"
    id="keyword-label"
  >
    Keyword
  </label>
  <div
    className="MuiInputBase-root MuiInput-root MuiInput-underline MuiInputBase-fullWidth MuiInput-fullWidth MuiInputBase-formControl MuiInput-formControl MuiInputBase-adornedEnd MuiInputBase-marginDense MuiInput-marginDense"
    onClick={[Function]}
  >
    <input
      aria-invalid={false}
      autoFocus={false}
      className="MuiInputBase-input MuiInput-input MuiInputBase-inputAdornedEnd MuiInputBase-inputMarginDense MuiInput-inputMarginDense"
      disabled={false}
      id="keyword"
      name="keyword"
      onAnimationStart={[Function]}
      onBlur={[Function]}
      onChange={[Function]}
      onFocus={[Function]}
      required={false}
      type="text"
      value=""
    />
    <div
      className="MuiInputAdornment-root MuiInputAdornment-positionEnd MuiInputAdornment-marginDense"
    >
      <button
        aria-describedby={null}
        aria-label="toggle keyword visibility"
        className="sc-dkPtRN evjlnr"
        name="showKeyword"
        onBlur={[Function]}
        onClick={[Function]}
        onFocus={[Function]}
        onMouseLeave={[Function]}
        onMouseOver={[Function]}
        onTouchEnd={[Function]}
        onTouchStart={[Function]}
        title={null}
        type="button"
      >
        <svg
          height="24"
          viewBox="0 0 24 24"
          width="24"
        >
          <path
            d="M0 0h24v24H0z"
            fill="none"
          />
          <path
            d="M12 4.5C7 4.5 2.73 7.61 1 12c1.73 4.39 6 7.5 11 7.5s9.27-3.11 11-7.5c-1.73-4.39-6-7.5-11-7.5zM12 17c-2.76 0-5-2.24-5-5s2.24-5 5-5 5 2.24 5 5-2.24 5-5 5zm0-8c-1.66 0-3 1.34-3 3s1.34 3 3 3 3-1.34 3-3-1.34-3-3-3z"
          />
        </svg>
      </button>
    </div>
  </div>
  
</div>
`;
