// Jest Snapshot v1, https://goo.gl/fbAQLP

exports[`<HistoryItem /> should render and match the snapshot 1`] = `
<ForwardRef>
  <ForwardRef
    image={true}
  >
    <a
      href="https://www.youtube.com/channel/id"
      target="_blank"
    >
      <img
        alt="Logo"
        height="45px"
        src="url"
      />
    </a>
  </ForwardRef>
  <ForwardRef
    textLeft={true}
  >
    <span>
      abc
    </span>
  </ForwardRef>
  <ForwardRef
    text={true}
  >
    <span>
      prize
    </span>
  </ForwardRef>
  <ForwardRef
    text={true}
  >
    <span>
      abc
    </span>
  </ForwardRef>
  <ForwardRef
    text={true}
  >
    <RelativeDate
      ISO8601Date="2019-12-24T07:27:56.273Z"
      className="relativeDate"
    />
  </ForwardRef>
</ForwardRef>
`;
