// Jest Snapshot v1, https://goo.gl/fbAQLP

exports[`<MessageItem /> should render and match the snapshot 1`] = `
<ForwardRef>
  <ForwardRef>
    7:27:56
  </ForwardRef>
  <ForwardRef>
    text
  </ForwardRef>
</ForwardRef>
`;
