// Jest Snapshot v1, https://goo.gl/fbAQLP

exports[`<MessageItem /> should render and match the snapshot 1`] = `
<styled.li>
  <styled.span>
    7:27:56
  </styled.span>
  <styled.span>
    text
  </styled.span>
</styled.li>
`;
