// Jest Snapshot v1, https://goo.gl/fbAQLP

exports[`<Timer /> should render and match the snapshot 1`] = `
<ForwardRef>
  
</ForwardRef>
`;
