// Jest Snapshot v1, https://goo.gl/fbAQLP

exports[`<PromotedVideo /> should render and match the snapshot 1`] = `
<styled.div>
  <styled.span>
    <Memo(MemoizedFormattedMessage)
      defaultMessage="Advertisement"
      id="streamchange.components.AdFrame.title"
    />
  </styled.span>
  <styled.div>
    <iframe
      frameBorder="0"
      height="170"
      id="ytplayer"
      src="https://www.youtube.com/embed/jNQXAC9IVRw?autoplay=0origin=https://www.streamchange.pl"
      title="video"
      width="500"
    />
    <div />
  </styled.div>
</styled.div>
`;
