// Jest Snapshot v1, https://goo.gl/fbAQLP

exports[`<RelativeDate /> should render and match the snapshot 1`] = `
<span
  className="relativeDate"
>
  <FormattedDate
    day="2-digit"
    month="long"
    value={2019-12-24T07:27:56.270Z}
    year="numeric"
  />
   8:27
</span>
`;
